dbus-daemon[3423941]: [session uid=1000 pid=3423941 pidfd=5] Activating service name='org.a11y.Bus' requested by ':1.0' (uid=1000 pid=3423943 comm="xfwm4 --compositor=off" label="unconfined")
dbus-daemon[3423941]: [session uid=1000 pid=3423941 pidfd=5] Successfully activated service 'org.a11y.Bus'
dbus-daemon[3423941]: [session uid=1000 pid=3423941 pidfd=5] Activating service name='org.gtk.vfs.Daemon' requested by ':1.2' (uid=1000 pid=3423943 comm="xfwm4 --compositor=off" label="unconfined")
dbus-daemon[3423941]: [session uid=1000 pid=3423941 pidfd=5] Successfully activated service 'org.gtk.vfs.Daemon'
dbus-daemon[3423959]: Activating service name='org.a11y.atspi.Registry' requested by ':1.1' (uid=1000 pid=3423943 comm="xfwm4 --compositor=off" label="unconfined")
dbus-daemon[3423941]: [session uid=1000 pid=3423941 pidfd=5] Activating service name='org.xfce.Xfconf' requested by ':1.2' (uid=1000 pid=3423943 comm="xfwm4 --compositor=off" label="unconfined")
dbus-daemon[3423959]: Successfully activated service 'org.a11y.atspi.Registry'
SpiRegistry daemon is running with well-known name - org.a11y.atspi.Registry
dbus-daemon[3423941]: [session uid=1000 pid=3423941 pidfd=5] Successfully activated service 'org.xfce.Xfconf'
dbus-daemon[3423941]: [session uid=1000 pid=3423941 pidfd=5] Activating service name='org.freedesktop.portal.Desktop' requested by ':1.7' (uid=1000 pid=3424009 comm="artifacts/open-tasks/venv-qt610/bin/python -m pyte" label="unconfined")
dbus-daemon[3423941]: [session uid=1000 pid=3423941 pidfd=5] Activating service name='org.freedesktop.impl.portal.PermissionStore' requested by ':1.8' (uid=1000 pid=3424042 comm="/usr/libexec/xdg-desktop-portal" label="unconfined")
dbus-daemon[3423941]: [session uid=1000 pid=3423941 pidfd=5] Successfully activated service 'org.freedesktop.impl.portal.PermissionStore'
dbus-daemon[3423941]: [session uid=1000 pid=3423941 pidfd=5] Activating service name='org.freedesktop.portal.Documents' requested by ':1.8' (uid=1000 pid=3424042 comm="/usr/libexec/xdg-desktop-portal" label="unconfined")
dbus-daemon[3423941]: [session uid=1000 pid=3423941 pidfd=5] Successfully activated service 'org.freedesktop.portal.Documents'

(/usr/libexec/xdg-desktop-portal:3424042): xdg-desktop-portal-WARNING **: 23:02:43.798: Choosing gtk.portal for org.freedesktop.impl.portal.Lockdown as a last-resort fallback
dbus-daemon[3423941]: [session uid=1000 pid=3423941 pidfd=5] Activating service name='org.freedesktop.impl.portal.desktop.gtk' requested by ':1.8' (uid=1000 pid=3424042 comm="/usr/libexec/xdg-desktop-portal" label="unconfined")
dbus-daemon[3423941]: [session uid=1000 pid=3423941 pidfd=5] Successfully activated service 'org.freedesktop.impl.portal.desktop.gtk'
dbus-daemon[3423941]: [session uid=1000 pid=3423941 pidfd=5] Activating service name='org.freedesktop.impl.portal.desktop.kde' requested by ':1.8' (uid=1000 pid=3424042 comm="/usr/libexec/xdg-desktop-portal" label="unconfined")
dbus-daemon[3423941]: [session uid=1000 pid=3423941 pidfd=5] Successfully activated service 'org.freedesktop.impl.portal.desktop.kde'
xdp-kde-clipboard: Couldn't resolve QWaylandApplication - clipboard will not work
dbus-daemon[3423941]: [session uid=1000 pid=3423941 pidfd=5] Activating service name='org.freedesktop.impl.portal.desktop.kwallet' requested by ':1.8' (uid=1000 pid=3424042 comm="/usr/libexec/xdg-desktop-portal" label="unconfined")
dbus-daemon[3423941]: [session uid=1000 pid=3423941 pidfd=5] Successfully activated service 'org.freedesktop.portal.Desktop'
qt.qpa.services: Failed to register with host portal QDBusError("org.freedesktop.portal.Error.Failed", "Could not register app ID: Connection already associated with an application ID")
qt.qpa.services: Failed to register with host portal QDBusError("org.freedesktop.portal.Error.Failed", "Could not register app ID: Connection already associated with an application ID")
qt.qpa.services: Failed to register with host portal QDBusError("org.freedesktop.portal.Error.Failed", "Could not register app ID: Connection already associated with an application ID")
kf.wallet.ksecretd: Lacking a socket, pipe: 0 env: 0
dbus-daemon[3423941]: [session uid=1000 pid=3423941 pidfd=5] Successfully activated service 'org.freedesktop.impl.portal.desktop.kwallet'
dbus-daemon[3423941]: [session uid=1000 pid=3423941 pidfd=5] Activating service name='org.gtk.vfs.Metadata' requested by ':1.2' (uid=1000 pid=3423943 comm="xfwm4 --compositor=off" label="unconfined")
dbus-daemon[3423941]: [session uid=1000 pid=3423941 pidfd=5] Successfully activated service 'org.gtk.vfs.Metadata'
........................................................................ [ 13%]
........................................................................ [ 27%]
........................................................................ [ 41%]
........................................................................ [ 55%]
........................................................................ [ 69%]
......................................
(/usr/libexec/xdg-desktop-portal:3424042): xdg-desktop-portal-WARNING **: 23:04:21.333: Realtime error: Could not map tid 3425760 of pid 3424009: Process ids could not be found: 3425760
.................................. [ 83%]
........................................................................ [ 97%]
..............                                                           [100%]
518 passed in 137.48s (0:02:17)
A connection to the bus can't be made

(xfconfd:3423980): xfconfd-WARNING **: 23:05:01.276: Name org.xfce.Xfconf lost on the message dbus, exiting.
The X11 connection broke (error 1). Did the X11 server die?
The X11 connection broke (error 1). Did the X11 server die?
KCrash: Application 'xdg-desktop-portal-kde' crashing... crashRecursionCounter = 2
