dbus-daemon[3434067]: [session uid=1000 pid=3434067 pidfd=5] Activating service name='org.a11y.Bus' requested by ':1.0' (uid=1000 pid=3434069 comm="xfwm4 --compositor=off" label="unconfined")
dbus-daemon[3434067]: [session uid=1000 pid=3434067 pidfd=5] Successfully activated service 'org.a11y.Bus'
dbus-daemon[3434067]: [session uid=1000 pid=3434067 pidfd=5] Activating service name='org.gtk.vfs.Daemon' requested by ':1.2' (uid=1000 pid=3434069 comm="xfwm4 --compositor=off" label="unconfined")
dbus-daemon[3434067]: [session uid=1000 pid=3434067 pidfd=5] Successfully activated service 'org.gtk.vfs.Daemon'
dbus-daemon[3434084]: Activating service name='org.a11y.atspi.Registry' requested by ':1.1' (uid=1000 pid=3434069 comm="xfwm4 --compositor=off" label="unconfined")
dbus-daemon[3434067]: [session uid=1000 pid=3434067 pidfd=5] Activating service name='org.xfce.Xfconf' requested by ':1.2' (uid=1000 pid=3434069 comm="xfwm4 --compositor=off" label="unconfined")
dbus-daemon[3434084]: Successfully activated service 'org.a11y.atspi.Registry'
SpiRegistry daemon is running with well-known name - org.a11y.atspi.Registry
dbus-daemon[3434067]: [session uid=1000 pid=3434067 pidfd=5] Successfully activated service 'org.xfce.Xfconf'

==================================== ERRORS ====================================
________________ ERROR collecting tests/test_edit_navigation.py ________________
.venv/lib/python3.12/site-packages/_pytest/python.py:508: in importtestmodule
    mod = import_path(
.venv/lib/python3.12/site-packages/_pytest/pathlib.py:596: in import_path
    importlib.import_module(module_name)
/home/voc/.local/share/uv/python/cpython-3.12.14-linux-x86_64-gnu/lib/python3.12/importlib/__init__.py:90: in import_module
    return _bootstrap._gcd_import(name[level:], package, level)
           ^^^^^^^^^^^^^^^^^^^^^^^^^^^^^^^^^^^^^^^^^^^^^^^^^^^^
<frozen importlib._bootstrap>:1387: in _gcd_import
    ???
<frozen importlib._bootstrap>:1360: in _find_and_load
    ???
<frozen importlib._bootstrap>:1331: in _find_and_load_unlocked
    ???
<frozen importlib._bootstrap>:935: in _load_unlocked
    ???
.venv/lib/python3.12/site-packages/_pytest/assertion/rewrite.py:179: in exec_module
    source_stat, co = _rewrite_test(fn, self.config)
                      ^^^^^^^^^^^^^^^^^^^^^^^^^^^^^^
.venv/lib/python3.12/site-packages/_pytest/assertion/rewrite.py:348: in _rewrite_test
    tree = ast.parse(source, filename=strfn)
           ^^^^^^^^^^^^^^^^^^^^^^^^^^^^^^^^^
/home/voc/.local/share/uv/python/cpython-3.12.14-linux-x86_64-gnu/lib/python3.12/ast.py:52: in parse
    return compile(source, filename, mode, flags,
E     File "/home/voc/projects/drafts/autotalk/AutoTalk/tests/test_edit_navigation.py", line 33
E       elif field == 'budget_seconds':
E       ^^^^
E   IndentationError: expected an indented block after 'elif' statement on line 32
=========================== short test summary info ============================
ERROR tests/test_edit_navigation.py
!!!!!!!!!!!!!!!!!!!! Interrupted: 1 error during collection !!!!!!!!!!!!!!!!!!!!
1 error in 0.86s
A connection to the bus can't be made

(xfconfd:3434102): xfconfd-WARNING **: 23:33:07.207: Name org.xfce.Xfconf lost on the message dbus, exiting.
