dbus-daemon[3453630]: [session uid=1000 pid=3453630 pidfd=5] Activating service name='org.a11y.Bus' requested by ':1.0' (uid=1000 pid=3453632 comm="xfwm4 --compositor=off" label="unconfined")
dbus-daemon[3453630]: [session uid=1000 pid=3453630 pidfd=5] Successfully activated service 'org.a11y.Bus'
dbus-daemon[3453630]: [session uid=1000 pid=3453630 pidfd=5] Activating service name='org.gtk.vfs.Daemon' requested by ':1.2' (uid=1000 pid=3453632 comm="xfwm4 --compositor=off" label="unconfined")
dbus-daemon[3453630]: [session uid=1000 pid=3453630 pidfd=5] Successfully activated service 'org.gtk.vfs.Daemon'
dbus-daemon[3453652]: Activating service name='org.a11y.atspi.Registry' requested by ':1.1' (uid=1000 pid=3453632 comm="xfwm4 --compositor=off" label="unconfined")
dbus-daemon[3453630]: [session uid=1000 pid=3453630 pidfd=5] Activating service name='org.xfce.Xfconf' requested by ':1.2' (uid=1000 pid=3453632 comm="xfwm4 --compositor=off" label="unconfined")
dbus-daemon[3453652]: Successfully activated service 'org.a11y.atspi.Registry'
SpiRegistry daemon is running with well-known name - org.a11y.atspi.Registry
dbus-daemon[3453630]: [session uid=1000 pid=3453630 pidfd=5] Successfully activated service 'org.xfce.Xfconf'
dbus-daemon[3453630]: [session uid=1000 pid=3453630 pidfd=5] Activating service name='org.freedesktop.portal.Desktop' requested by ':1.7' (uid=1000 pid=3453699 comm="artifacts/open-tasks/venv-qt610/bin/python -m pyte" label="unconfined")
dbus-daemon[3453630]: [session uid=1000 pid=3453630 pidfd=5] Activating service name='org.freedesktop.impl.portal.PermissionStore' requested by ':1.8' (uid=1000 pid=3453732 comm="/usr/libexec/xdg-desktop-portal" label="unconfined")
dbus-daemon[3453630]: [session uid=1000 pid=3453630 pidfd=5] Successfully activated service 'org.freedesktop.impl.portal.PermissionStore'
dbus-daemon[3453630]: [session uid=1000 pid=3453630 pidfd=5] Activating service name='org.freedesktop.portal.Documents' requested by ':1.8' (uid=1000 pid=3453732 comm="/usr/libexec/xdg-desktop-portal" label="unconfined")
dbus-daemon[3453630]: [session uid=1000 pid=3453630 pidfd=5] Successfully activated service 'org.freedesktop.portal.Documents'

(/usr/libexec/xdg-desktop-portal:3453732): xdg-desktop-portal-WARNING **: 23:53:24.825: Choosing gtk.portal for org.freedesktop.impl.portal.Lockdown as a last-resort fallback
dbus-daemon[3453630]: [session uid=1000 pid=3453630 pidfd=5] Activating service name='org.freedesktop.impl.portal.desktop.gtk' requested by ':1.8' (uid=1000 pid=3453732 comm="/usr/libexec/xdg-desktop-portal" label="unconfined")
dbus-daemon[3453630]: [session uid=1000 pid=3453630 pidfd=5] Successfully activated service 'org.freedesktop.impl.portal.desktop.gtk'
dbus-daemon[3453630]: [session uid=1000 pid=3453630 pidfd=5] Activating service name='org.freedesktop.impl.portal.desktop.kde' requested by ':1.8' (uid=1000 pid=3453732 comm="/usr/libexec/xdg-desktop-portal" label="unconfined")
dbus-daemon[3453630]: [session uid=1000 pid=3453630 pidfd=5] Successfully activated service 'org.freedesktop.impl.portal.desktop.kde'
xdp-kde-clipboard: Couldn't resolve QWaylandApplication - clipboard will not work
dbus-daemon[3453630]: [session uid=1000 pid=3453630 pidfd=5] Activating service name='org.freedesktop.impl.portal.desktop.kwallet' requested by ':1.8' (uid=1000 pid=3453732 comm="/usr/libexec/xdg-desktop-portal" label="unconfined")
dbus-daemon[3453630]: [session uid=1000 pid=3453630 pidfd=5] Successfully activated service 'org.freedesktop.portal.Desktop'
qt.qpa.services: Failed to register with host portal QDBusError("org.freedesktop.portal.Error.Failed", "Could not register app ID: Connection already associated with an application ID")
qt.qpa.services: Failed to register with host portal QDBusError("org.freedesktop.portal.Error.Failed", "Could not register app ID: Connection already associated with an application ID")
qt.qpa.services: Failed to register with host portal QDBusError("org.freedesktop.portal.Error.Failed", "Could not register app ID: Connection already associated with an application ID")
kf.wallet.ksecretd: Lacking a socket, pipe: 0 env: 0
dbus-daemon[3453630]: [session uid=1000 pid=3453630 pidfd=5] Successfully activated service 'org.freedesktop.impl.portal.desktop.kwallet'
dbus-daemon[3453630]: [session uid=1000 pid=3453630 pidfd=5] Activating service name='org.gtk.vfs.Metadata' requested by ':1.2' (uid=1000 pid=3453632 comm="xfwm4 --compositor=off" label="unconfined")
dbus-daemon[3453630]: [session uid=1000 pid=3453630 pidfd=5] Successfully activated service 'org.gtk.vfs.Metadata'
........................................................................ [ 12%]
........................................................................ [ 25%]
........................................................................ [ 38%]
........................................................................ [ 51%]
........................................................................ [ 64%]
........................................................................ [ 77%]
.........
(/usr/libexec/xdg-desktop-portal:3453732): xdg-desktop-portal-WARNING **: 23:55:15.867: Realtime error: Could not map tid 3456285 of pid 3453699: Process ids could not be found: 3456285
...................F........................................... [ 89%]
.........................................................                [100%]
=================================== FAILURES ===================================
_________________________ test_tab_order_matches_base __________________________

qtbot = <pytestqt.qtbot.QtBot object at 0x7f49900773e0>

    def test_tab_order_matches_base(qtbot):
        import json
        expected = json.loads(Path('docs/reviews/evidence/2026-10-01-settings-refactor/settings-tab-order.json').read_text())
        w = MainWindow(); qtbot.addWidget(w)
        for scope, dialog in w.settings.items():
>           assert tab_order(dialog) == expected[str(scope)]
E           AssertionError: assert ['navigation'..._button', ...] == ['navigation'...jective', ...]
E
E             At index 2 diff: 'field:audience' != 'reset:title'
E             Use -v to get more diff

tests/test_ui_ownership.py:85: AssertionError
=========================== short test summary info ============================
FAILED tests/test_ui_ownership.py::test_tab_order_matches_base - AssertionErr...
1 failed, 560 passed in 149.85s (0:02:29)
A connection to the bus can't be made

(xfconfd:3453670): xfconfd-WARNING **: 23:55:54.653: Name org.xfce.Xfconf lost on the message dbus, exiting.
The X11 connection broke (error 1). Did the X11 server die?
The X11 connection broke (error 1). Did the X11 server die?
KCrash: Application 'xdg-desktop-portal-kde' crashing... crashRecursionCounter = 2
