........................................................................ [ 15%]
.............................................Fatal Python error: Segmentation fault

Thread 0x00007fd9a8c95780 (most recent call first):
  File "/home/voc/.local/share/uv/python/cpython-3.12.14-linux-x86_64-gnu/lib/python3.12/subprocess.py", line 1196 in communicate
  File "/home/voc/.local/share/uv/python/cpython-3.12.14-linux-x86_64-gnu/lib/python3.12/subprocess.py", line 550 in run
  File "/home/voc/.local/share/uv/python/cpython-3.12.14-linux-x86_64-gnu/lib/python3.12/subprocess.py", line 466 in check_output
  File "/home/voc/projects/drafts/autotalk/AutoTalk/tests/test_linux_audio.py", line 26 in test_mono_narration_reaches_both_stereo_channels
  File "/home/voc/projects/drafts/autotalk/AutoTalk/artifacts/open-tasks/venv-qt610/lib/python3.12/site-packages/_pytest/python.py", line 167 in pytest_pyfunc_call
  File "/home/voc/projects/drafts/autotalk/AutoTalk/artifacts/open-tasks/venv-qt610/lib/python3.12/site-packages/pluggy/_callers.py", line 121 in _multicall
  File "/home/voc/projects/drafts/autotalk/AutoTalk/artifacts/open-tasks/venv-qt610/lib/python3.12/site-packages/pluggy/_manager.py", line 120 in _hookexec
  File "/home/voc/projects/drafts/autotalk/AutoTalk/artifacts/open-tasks/venv-qt610/lib/python3.12/site-packages/pluggy/_hooks.py", line 512 in __call__
  File "/home/voc/projects/drafts/autotalk/AutoTalk/artifacts/open-tasks/venv-qt610/lib/python3.12/site-packages/_pytest/python.py", line 1707 in runtest
  File "/home/voc/projects/drafts/autotalk/AutoTalk/artifacts/open-tasks/venv-qt610/lib/python3.12/site-packages/_pytest/runner.py", line 184 in pytest_runtest_call
  File "/home/voc/projects/drafts/autotalk/AutoTalk/artifacts/open-tasks/venv-qt610/lib/python3.12/site-packages/pluggy/_callers.py", line 121 in _multicall
  File "/home/voc/projects/drafts/autotalk/AutoTalk/artifacts/open-tasks/venv-qt610/lib/python3.12/site-packages/pluggy/_manager.py", line 120 in _hookexec
  File "/home/voc/projects/drafts/autotalk/AutoTalk/artifacts/open-tasks/venv-qt610/lib/python3.12/site-packages/pluggy/_hooks.py", line 512 in __call__
  File "/home/voc/projects/drafts/autotalk/AutoTalk/artifacts/open-tasks/venv-qt610/lib/python3.12/site-packages/_pytest/runner.py", line 250 in <lambda>
  File "/home/voc/projects/drafts/autotalk/AutoTalk/artifacts/open-tasks/venv-qt610/lib/python3.12/site-packages/_pytest/runner.py", line 361 in from_call
  File "/home/voc/projects/drafts/autotalk/AutoTalk/artifacts/open-tasks/venv-qt610/lib/python3.12/site-packages/_pytest/runner.py", line 249 in call_and_report
  File "/home/voc/projects/drafts/autotalk/AutoTalk/artifacts/open-tasks/venv-qt610/lib/python3.12/site-packages/_pytest/runner.py", line 139 in runtestprotocol
  File "/home/voc/projects/drafts/autotalk/AutoTalk/artifacts/open-tasks/venv-qt610/lib/python3.12/site-packages/_pytest/runner.py", line 118 in pytest_runtest_protocol
  File "/home/voc/projects/drafts/autotalk/AutoTalk/artifacts/open-tasks/venv-qt610/lib/python3.12/site-packages/pluggy/_callers.py", line 121 in _multicall
  File "/home/voc/projects/drafts/autotalk/AutoTalk/artifacts/open-tasks/venv-qt610/lib/python3.12/site-packages/pluggy/_manager.py", line 120 in _hookexec
  File "/home/voc/projects/drafts/autotalk/AutoTalk/artifacts/open-tasks/venv-qt610/lib/python3.12/site-packages/pluggy/_hooks.py", line 512 in __call__
  File "/home/voc/projects/drafts/autotalk/AutoTalk/artifacts/open-tasks/venv-qt610/lib/python3.12/site-packages/_pytest/main.py", line 408 in pytest_runtestloop
  File "/home/voc/projects/drafts/autotalk/AutoTalk/artifacts/open-tasks/venv-qt610/lib/python3.12/site-packages/pluggy/_callers.py", line 121 in _multicall
  File "/home/voc/projects/drafts/autotalk/AutoTalk/artifacts/open-tasks/venv-qt610/lib/python3.12/site-packages/pluggy/_manager.py", line 120 in _hookexec
  File "/home/voc/projects/drafts/autotalk/AutoTalk/artifacts/open-tasks/venv-qt610/lib/python3.12/site-packages/pluggy/_hooks.py", line 512 in __call__
  File "/home/voc/projects/drafts/autotalk/AutoTalk/artifacts/open-tasks/venv-qt610/lib/python3.12/site-packages/_pytest/main.py", line 384 in _main
  File "/home/voc/projects/drafts/autotalk/AutoTalk/artifacts/open-tasks/venv-qt610/lib/python3.12/site-packages/_pytest/main.py", line 330 in wrap_session
  File "/home/voc/projects/drafts/autotalk/AutoTalk/artifacts/open-tasks/venv-qt610/lib/python3.12/site-packages/_pytest/main.py", line 377 in pytest_cmdline_main
  File "/home/voc/projects/drafts/autotalk/AutoTalk/artifacts/open-tasks/venv-qt610/lib/python3.12/site-packages/pluggy/_callers.py", line 121 in _multicall
  File "/home/voc/projects/drafts/autotalk/AutoTalk/artifacts/open-tasks/venv-qt610/lib/python3.12/site-packages/pluggy/_manager.py", line 120 in _hookexec
  File "/home/voc/projects/drafts/autotalk/AutoTalk/artifacts/open-tasks/venv-qt610/lib/python3.12/site-packages/pluggy/_hooks.py", line 512 in __call__
  File "/home/voc/projects/drafts/autotalk/AutoTalk/artifacts/open-tasks/venv-qt610/lib/python3.12/site-packages/_pytest/config/__init__.py", line 229 in _main
  File "/home/voc/projects/drafts/autotalk/AutoTalk/artifacts/open-tasks/venv-qt610/lib/python3.12/site-packages/_pytest/config/__init__.py", line 253 in _console_main
  File "/home/voc/projects/drafts/autotalk/AutoTalk/artifacts/open-tasks/venv-qt610/lib/python3.12/site-packages/pytest/__main__.py", line 9 in <module>
  File "<frozen runpy>", line 88 in _run_code
  File "<frozen runpy>", line 198 in _run_module_as_main

Extension modules: shiboken6.Shiboken, PySide6.QtCore, PySide6.QtGui, PySide6.QtPdf, PySide6.QtWidgets, PySide6.QtTest, numpy._core._multiarray_umath, numpy.linalg._umath_linalg, PySide6.QtNetwork, PySide6.QtMultimedia, av._core, av.logging, av.buffer, av.audio.format, av.error, av.dictionary, av.container.pyio, av.format, av.index, av.utils, av.stream, av.container.streams, av.sidedata.encparams, av.sidedata.motionvectors, av.sidedata.sidedata, av.opaque, av.rational, av.packet, av.container.input, av.bitstream, av.container.output, av.container.core, av.codec.context, av.video.format, av.video.reformatter, av.plane, av.video.plane, av.video.frame, av.video.stream, av.codec.hwaccel, av.codec.codec, av.frame, av.audio.layout, av.audio.plane, av.audio.frame, av.audio.stream, av.filter.link, av.filter.context, av.filter.graph, av.filter.filter, av.filter.loudnorm, av.audio.resampler, av.audio.codeccontext, av.audio.fifo, av.device, av.video.codeccontext, av.subtitles.stream (total: 57)
Segmentation fault (core dumped)
