....................F....................                                [100%]
=================================== FAILURES ===================================
_____________ test_long_talk_and_voice_names_preserve_p1_workspace _____________

qtbot = <pytestqt.qtbot.QtBot object at 0x7fe5901debd0>
project = Project(root=PosixPath('/tmp/pytest-of-voc/pytest-345/test_long_talk_and_voice_names0/talk'), title='An unusually long...conference narration voice', source='CustomVoice', speaker='Ryan', description='', references={}, origin='reference')})

    def test_long_talk_and_voice_names_preserve_p1_workspace(qtbot, project):
        project.title = 'An unusually long title about preparing and delivering reliable multilingual presentations ' * 3
        project.voice.name = 'My carefully designed calm conference narration voice'
        w = MainWindow(); qtbot.addWidget(w); w.adopt(project); w.resize(940, 680); w.show()
        qtbot.wait(20)
        assert w.size().toTuple() == (940, 680)
        for control in (w.start_button, w.voice_button, w.narration, w.slide_audio_button):
>           visible_inside(control, w)

tests/test_ux_placement.py:269:
_ _ _ _ _ _ _ _ _ _ _ _ _ _ _ _ _ _ _ _ _ _ _ _ _ _ _ _ _ _ _ _ _ _ _ _ _ _ _ _

widget = <PySide6.QtWidgets.QPlainTextEdit(0x2040eb20) at 0x7fe5ba02cd00>
window = <autotalk.app.MainWindow(0x2945d990) at 0x7fe60350abc0>

    def visible_inside(widget, window):
        assert widget.isVisible(), widget.objectName() or getattr(widget, 'text', lambda: '')()
        origin = widget.mapTo(window, QPoint())
        assert window.rect().contains(origin)
        assert window.rect().contains(origin + QPoint(widget.width()-1, widget.height()-1))
        ancestor = widget.parentWidget()
        while ancestor is not window:
            assert ancestor.rect().contains(widget.mapTo(ancestor, QPoint()))
>           assert ancestor.rect().contains(widget.mapTo(ancestor, QPoint(widget.width()-1, widget.height()-1)))
E           assert False
E            +  where False = <built-in method contains of PySide6.QtCore.QRect object at 0x7fe59037a900>(PySide6.QtCore.QPoint(537, 207))
E            +    where <built-in method contains of PySide6.QtCore.QRect object at 0x7fe59037a900> = PySide6.QtCore.QRect(0, 0, 538, 194).contains
E            +      where PySide6.QtCore.QRect(0, 0, 538, 194) = <built-in method rect of PySide6.QtWidgets.QSplitter object at 0x7fe5ba2235c0>()
E            +        where <built-in method rect of PySide6.QtWidgets.QSplitter object at 0x7fe5ba2235c0> = <PySide6.QtWidgets.QSplitter(0x2a760db0) at 0x7fe5ba2235c0>.rect
E            +    and   PySide6.QtCore.QPoint(537, 207) = <built-in method mapTo of PySide6.QtWidgets.QPlainTextEdit object at 0x7fe5ba02cd00>(<PySide6.QtWidgets.QSplitter(0x2a760db0) at 0x7fe5ba2235c0>, PySide6.QtCore.QPoint(537, 86))
E            +      where <built-in method mapTo of PySide6.QtWidgets.QPlainTextEdit object at 0x7fe5ba02cd00> = <PySide6.QtWidgets.QPlainTextEdit(0x2040eb20) at 0x7fe5ba02cd00>.mapTo
E            +      and   PySide6.QtCore.QPoint(537, 86) = QPoint((538 - 1), (87 - 1))
E            +        where 538 = <built-in method width of PySide6.QtWidgets.QPlainTextEdit object at 0x7fe5ba02cd00>()
E            +          where <built-in method width of PySide6.QtWidgets.QPlainTextEdit object at 0x7fe5ba02cd00> = <PySide6.QtWidgets.QPlainTextEdit(0x2040eb20) at 0x7fe5ba02cd00>.width
E            +        and   87 = <built-in method height of PySide6.QtWidgets.QPlainTextEdit object at 0x7fe5ba02cd00>()
E            +          where <built-in method height of PySide6.QtWidgets.QPlainTextEdit object at 0x7fe5ba02cd00> = <PySide6.QtWidgets.QPlainTextEdit(0x2040eb20) at 0x7fe5ba02cd00>.height

tests/test_ux_placement.py:26: AssertionError
=========================== short test summary info ============================
FAILED tests/test_ux_placement.py::test_long_talk_and_voice_names_preserve_p1_workspace
1 failed, 40 passed in 16.15s
