........................................................................ [ 15%]
........................................................................ [ 31%]
........................................................................ [ 47%]
........................................................................ [ 63%]
........................................................................ [ 79%]
.............................................F..............F...F....... [ 95%]
.....................                                                    [100%]
=================================== FAILURES ===================================
_____________ test_long_talk_and_voice_names_preserve_p1_workspace _____________

qtbot = <pytestqt.qtbot.QtBot object at 0x7f669f72e1b0>
project = Project(root=PosixPath('/tmp/pytest-of-voc/pytest-343/test_long_talk_and_voice_names0/talk'), title='An unusually long...conference narration voice', source='CustomVoice', speaker='Ryan', description='', references={}, origin='reference')})

    def test_long_talk_and_voice_names_preserve_p1_workspace(qtbot, project):
        project.title = 'An unusually long title about preparing and delivering reliable multilingual presentations ' * 3
        project.voice.name = 'My carefully designed calm conference narration voice'
        w = MainWindow(); qtbot.addWidget(w); w.adopt(project); w.resize(940, 680); w.show()
        qtbot.wait(20)
        assert w.size().toTuple() == (940, 680)
        for control in (w.start_button, w.voice_button, w.narration, w.slide_audio_button):
>           visible_inside(control, w)

tests/test_ux_placement.py:269:
_ _ _ _ _ _ _ _ _ _ _ _ _ _ _ _ _ _ _ _ _ _ _ _ _ _ _ _ _ _ _ _ _ _ _ _ _ _ _ _

widget = <PySide6.QtWidgets.QPlainTextEdit(0x30dbbd10) at 0x7f66b216c540>
window = <autotalk.app.MainWindow(0x30afcf50) at 0x7f669dfbd500>

    def visible_inside(widget, window):
        assert widget.isVisible(), widget.objectName() or getattr(widget, 'text', lambda: '')()
        origin = widget.mapTo(window, QPoint())
        assert window.rect().contains(origin)
        assert window.rect().contains(origin + QPoint(widget.width()-1, widget.height()-1))
        ancestor = widget.parentWidget()
        while ancestor is not window:
            assert ancestor.rect().contains(widget.mapTo(ancestor, QPoint()))
>           assert ancestor.rect().contains(widget.mapTo(ancestor, QPoint(widget.width()-1, widget.height()-1)))
E           assert False
E            +  where False = <built-in method contains of PySide6.QtCore.QRect object at 0x7f66b2cbc400>(PySide6.QtCore.QPoint(537, 207))
E            +    where <built-in method contains of PySide6.QtCore.QRect object at 0x7f66b2cbc400> = PySide6.QtCore.QRect(0, 0, 538, 194).contains
E            +      where PySide6.QtCore.QRect(0, 0, 538, 194) = <built-in method rect of PySide6.QtWidgets.QSplitter object at 0x7f669dbe7580>()
E            +        where <built-in method rect of PySide6.QtWidgets.QSplitter object at 0x7f669dbe7580> = <PySide6.QtWidgets.QSplitter(0x38c8c9a0) at 0x7f669dbe7580>.rect
E            +    and   PySide6.QtCore.QPoint(537, 207) = <built-in method mapTo of PySide6.QtWidgets.QPlainTextEdit object at 0x7f66b216c540>(<PySide6.QtWidgets.QSplitter(0x38c8c9a0) at 0x7f669dbe7580>, PySide6.QtCore.QPoint(537, 86))
E            +      where <built-in method mapTo of PySide6.QtWidgets.QPlainTextEdit object at 0x7f66b216c540> = <PySide6.QtWidgets.QPlainTextEdit(0x30dbbd10) at 0x7f66b216c540>.mapTo
E            +      and   PySide6.QtCore.QPoint(537, 86) = QPoint((538 - 1), (87 - 1))
E            +        where 538 = <built-in method width of PySide6.QtWidgets.QPlainTextEdit object at 0x7f66b216c540>()
E            +          where <built-in method width of PySide6.QtWidgets.QPlainTextEdit object at 0x7f66b216c540> = <PySide6.QtWidgets.QPlainTextEdit(0x30dbbd10) at 0x7f66b216c540>.width
E            +        and   87 = <built-in method height of PySide6.QtWidgets.QPlainTextEdit object at 0x7f66b216c540>()
E            +          where <built-in method height of PySide6.QtWidgets.QPlainTextEdit object at 0x7f66b216c540> = <PySide6.QtWidgets.QPlainTextEdit(0x30dbbd10) at 0x7f66b216c540>.height

tests/test_ux_placement.py:26: AssertionError
________________ test_language_options_focus_arrangement[menu] _________________

qtbot = <pytestqt.qtbot.QtBot object at 0x7f66b2cc1f40>
project = Project(root=PosixPath('/tmp/pytest-of-voc/pytest-343/test_language_options_focus_ar1/talk'), title='slides', target_m...{'voice': Voice(name='Ryan', source='CustomVoice', speaker='Ryan', description='', references={}, origin='reference')})
entrance = 'menu'

    @pytest.mark.parametrize('entrance', ['combo', 'menu'])
    def test_language_options_focus_arrangement(qtbot, project, entrance):
        w = MainWindow(); qtbot.addWidget(w); w.adopt(project); w.show()
        if entrance == 'combo':
            w.language.setCurrentIndex(w.language.findData('options'))
        else:
>           action(w, 'Talk', 'Language options…').trigger()
            ^^^^^^^^^^^^^^^^^^^^^^^^^^^^^^^^^^^^^^

tests/test_ux_redundancy.py:82:
_ _ _ _ _ _ _ _ _ _ _ _ _ _ _ _ _ _ _ _ _ _ _ _ _ _ _ _ _ _ _ _ _ _ _ _ _ _ _ _

window = <autotalk.app.MainWindow(0x2dd32f80) at 0x7f669c4a1700>, menu = 'Talk'
text = 'Language options…'

    def action(window, menu, text):
        target = next(a.menu() for a in window.menuBar().actions() if a.text() == menu)
>       return next(a for a in target.actions() if a.text() == text)
                               ^^^^^^^^^^^^^^^^
E       RuntimeError: Internal C++ object (PySide6.QtWidgets.QMenu) already deleted.

tests/test_ux_redundancy.py:18: RuntimeError
____________________ test_menu_focus_status_and_background _____________________

qtbot = <pytestqt.qtbot.QtBot object at 0x7f669c4dfe30>
project = Project(root=PosixPath('/tmp/pytest-of-voc/pytest-343/test_menu_focus_status_and_bac0/talk'), title='slides', target_m...{'voice': Voice(name='Ryan', source='CustomVoice', speaker='Ryan', description='', references={}, origin='reference')})

    def test_menu_focus_status_and_background(qtbot, project):
        w = MainWindow(); qtbot.addWidget(w); w.adopt(project); w.show()
        assert not w.statusBar().currentMessage()
>       action(w, 'Settings', 'Account…').trigger(); qtbot.wait(30)
        ^^^^^^^^^^^^^^^^^^^^^^^^^^^^^^^^^

tests/test_ux_redundancy.py:141:
_ _ _ _ _ _ _ _ _ _ _ _ _ _ _ _ _ _ _ _ _ _ _ _ _ _ _ _ _ _ _ _ _ _ _ _ _ _ _ _

window = <autotalk.app.MainWindow(0x3360c530) at 0x7f66960fadc0>
menu = 'Settings', text = 'Account…'

    def action(window, menu, text):
        target = next(a.menu() for a in window.menuBar().actions() if a.text() == menu)
>       return next(a for a in target.actions() if a.text() == text)
                               ^^^^^^^^^^^^^^^^
E       RuntimeError: Internal C++ object (PySide6.QtWidgets.QMenu) already deleted.

tests/test_ux_redundancy.py:18: RuntimeError
=========================== short test summary info ============================
FAILED tests/test_ux_placement.py::test_long_talk_and_voice_names_preserve_p1_workspace
FAILED tests/test_ux_redundancy.py::test_language_options_focus_arrangement[menu]
FAILED tests/test_ux_redundancy.py::test_menu_focus_status_and_background - R...
3 failed, 450 passed in 120.43s (0:02:00)
